de\christian_koehler_iu\rennspiel\interfaces\I_spieler_database.class
de\christian_koehler_iu\rennspiel\controller\MitspielerWaehlenController.class
de\christian_koehler_iu\rennspiel\controller\SpielerWaehlenController.class
de\christian_koehler_iu\rennspiel\utility\Umrechnung_grid_pixel.class
de\christian_koehler_iu\rennspiel\data_classes\Punkt.class
de\christian_koehler_iu\rennspiel\database\Rennstrecke_db_table.class
de\christian_koehler_iu\rennspiel\controller\RennenBeendetController.class
de\christian_koehler_iu\rennspiel\controller\RennenController$1.class
de\christian_koehler_iu\rennspiel\controller\StreckeErstellenController.class
de\christian_koehler_iu\rennspiel\controller\StreckeWaehlenController.class
de\christian_koehler_iu\rennspiel\main\MainApplication.class
de\christian_koehler_iu\rennspiel\controller\SpielerErstellenController.class
de\christian_koehler_iu\rennspiel\controller\StreckeWaehlenController$3.class
de\christian_koehler_iu\rennspiel\controller_helper\Rennen_start_positionen_waehlen.class
de\christian_koehler_iu\rennspiel\database\Spieler_db_table.class
de\christian_koehler_iu\rennspiel\controller_helper\Rennen_renn_verlauf$1.class
de\christian_koehler_iu\rennspiel\controller_helper\StreckeErstellen_helper.class
de\christian_koehler_iu\rennspiel\database\Rennstrecke_database_connection.class
de\christian_koehler_iu\rennspiel\controller_helper\Rennen_renn_verlauf$I_rennen_renn_verlauf.class
de\christian_koehler_iu\rennspiel\database\Streckenlinie_db_table.class
de\christian_koehler_iu\rennspiel\utility\User_eingaben_pruefen.class
de\christian_koehler_iu\rennspiel\controller_helper\StreckeErstellen_helper$I_Link_StrErstController_Rennstrecke.class
de\christian_koehler_iu\rennspiel\interfaces\I_rennstrecke_database.class
de\christian_koehler_iu\rennspiel\controller_helper\Rennen_renn_verlauf.class
de\christian_koehler_iu\rennspiel\database\Startlinie_db_table.class
de\christian_koehler_iu\rennspiel\data_classes\Spieler.class
de\christian_koehler_iu\rennspiel\controller\ScenesManager$I_dialog_actions.class
de\christian_koehler_iu\rennspiel\controller\RennenController$3.class
de\christian_koehler_iu\rennspiel\controller\ScenesManager.class
de\christian_koehler_iu\rennspiel\controller_helper\Rennen_strecke_zeichnen.class
de\christian_koehler_iu\rennspiel\database\SQLite_db_connection.class
de\christian_koehler_iu\rennspiel\controller\StreckeErstellenController$1.class
de\christian_koehler_iu\rennspiel\controller_helper\Spieler_fahrverlauf.class
de\christian_koehler_iu\rennspiel\controller\SpielerWaehlenController$2.class
de\christian_koehler_iu\rennspiel\main\Main.class
de\christian_koehler_iu\rennspiel\controller\RennenController.class
de\christian_koehler_iu\rennspiel\controller\StreckeErstellenController$Zeichnungszustand.class
de\christian_koehler_iu\rennspiel\controller_helper\Rennen_spieler_info_labels.class
module-info.class
de\christian_koehler_iu\rennspiel\controller\RennenBeendetController$1.class
de\christian_koehler_iu\rennspiel\controller\StreckeWaehlenController$2.class
de\christian_koehler_iu\rennspiel\controller_helper\Rennen_start_positionen_waehlen$1.class
de\christian_koehler_iu\rennspiel\database\Spieler_database_connection.class
de\christian_koehler_iu\rennspiel\controller_helper\Fahrlinie.class
de\christian_koehler_iu\rennspiel\controller\SpielerWaehlenController$1.class
de\christian_koehler_iu\rennspiel\controller\StreckeWaehlenController$1.class
de\christian_koehler_iu\rennspiel\data_classes\Rennstrecke.class
de\christian_koehler_iu\rennspiel\data_classes\Linie.class
de\christian_koehler_iu\rennspiel\interfaces\I_aufgabe_beendet.class
de\christian_koehler_iu\rennspiel\database\Admin_functions.class
de\christian_koehler_iu\rennspiel\controller_helper\Fahrlinie$Fahrlinien_styles.class
de\christian_koehler_iu\rennspiel\controller\RennenController$2.class
de\christian_koehler_iu\rennspiel\controller\StreckeGroesseWaehlenController.class
de\christian_koehler_iu\rennspiel\database\LinkRennstreckeSpielerBestzeit_db_table.class
