C:\meineDaten\Dokumente\studiumMasterInformatik\projektSoftwareEngineering\code\rennspiel\src\main\java\de\christian_koehler_iu\rennspiel\utility\User_eingaben_pruefen.java
C:\meineDaten\Dokumente\studiumMasterInformatik\projektSoftwareEngineering\code\rennspiel\src\main\java\de\christian_koehler_iu\rennspiel\controller_helper\Rennen_renn_verlauf.java
C:\meineDaten\Dokumente\studiumMasterInformatik\projektSoftwareEngineering\code\rennspiel\src\main\java\de\christian_koehler_iu\rennspiel\database\Spieler_db_table.java
C:\meineDaten\Dokumente\studiumMasterInformatik\projektSoftwareEngineering\code\rennspiel\src\main\java\de\christian_koehler_iu\rennspiel\interfaces\I_rennstrecke_database.java
C:\meineDaten\Dokumente\studiumMasterInformatik\projektSoftwareEngineering\code\rennspiel\src\main\java\de\christian_koehler_iu\rennspiel\database\LinkRennstreckeSpielerBestzeit_db_table.java
C:\meineDaten\Dokumente\studiumMasterInformatik\projektSoftwareEngineering\code\rennspiel\src\main\java\de\christian_koehler_iu\rennspiel\data_classes\Punkt.java
C:\meineDaten\Dokumente\studiumMasterInformatik\projektSoftwareEngineering\code\rennspiel\src\main\java\de\christian_koehler_iu\rennspiel\controller\RennenController.java
C:\meineDaten\Dokumente\studiumMasterInformatik\projektSoftwareEngineering\code\rennspiel\src\main\java\de\christian_koehler_iu\rennspiel\database\Admin_functions.java
C:\meineDaten\Dokumente\studiumMasterInformatik\projektSoftwareEngineering\code\rennspiel\src\main\java\de\christian_koehler_iu\rennspiel\controller_helper\StreckeErstellen_helper.java
C:\meineDaten\Dokumente\studiumMasterInformatik\projektSoftwareEngineering\code\rennspiel\src\main\java\de\christian_koehler_iu\rennspiel\controller_helper\Spieler_fahrverlauf.java
C:\meineDaten\Dokumente\studiumMasterInformatik\projektSoftwareEngineering\code\rennspiel\src\main\java\de\christian_koehler_iu\rennspiel\interfaces\I_spieler_database.java
C:\meineDaten\Dokumente\studiumMasterInformatik\projektSoftwareEngineering\code\rennspiel\src\main\java\de\christian_koehler_iu\rennspiel\controller_helper\Fahrlinie.java
C:\meineDaten\Dokumente\studiumMasterInformatik\projektSoftwareEngineering\code\rennspiel\src\main\java\de\christian_koehler_iu\rennspiel\controller_helper\Rennen_strecke_zeichnen.java
C:\meineDaten\Dokumente\studiumMasterInformatik\projektSoftwareEngineering\code\rennspiel\src\main\java\de\christian_koehler_iu\rennspiel\utility\Umrechnung_grid_pixel.java
C:\meineDaten\Dokumente\studiumMasterInformatik\projektSoftwareEngineering\code\rennspiel\src\main\java\de\christian_koehler_iu\rennspiel\database\Rennstrecke_db_table.java
C:\meineDaten\Dokumente\studiumMasterInformatik\projektSoftwareEngineering\code\rennspiel\src\main\java\de\christian_koehler_iu\rennspiel\main\Main.java
C:\meineDaten\Dokumente\studiumMasterInformatik\projektSoftwareEngineering\code\rennspiel\src\main\java\de\christian_koehler_iu\rennspiel\database\SQLite_db_connection.java
C:\meineDaten\Dokumente\studiumMasterInformatik\projektSoftwareEngineering\code\rennspiel\src\main\java\de\christian_koehler_iu\rennspiel\controller\StreckeWaehlenController.java
C:\meineDaten\Dokumente\studiumMasterInformatik\projektSoftwareEngineering\code\rennspiel\src\main\java\de\christian_koehler_iu\rennspiel\data_classes\Linie.java
C:\meineDaten\Dokumente\studiumMasterInformatik\projektSoftwareEngineering\code\rennspiel\src\main\java\de\christian_koehler_iu\rennspiel\controller\RennenBeendetController.java
C:\meineDaten\Dokumente\studiumMasterInformatik\projektSoftwareEngineering\code\rennspiel\src\main\java\de\christian_koehler_iu\rennspiel\controller\StreckeErstellenController.java
C:\meineDaten\Dokumente\studiumMasterInformatik\projektSoftwareEngineering\code\rennspiel\src\main\java\de\christian_koehler_iu\rennspiel\controller_helper\Rennen_start_positionen_waehlen.java
C:\meineDaten\Dokumente\studiumMasterInformatik\projektSoftwareEngineering\code\rennspiel\src\main\java\de\christian_koehler_iu\rennspiel\database\Rennstrecke_database_connection.java
C:\meineDaten\Dokumente\studiumMasterInformatik\projektSoftwareEngineering\code\rennspiel\src\main\java\de\christian_koehler_iu\rennspiel\data_classes\Rennstrecke.java
C:\meineDaten\Dokumente\studiumMasterInformatik\projektSoftwareEngineering\code\rennspiel\src\main\java\de\christian_koehler_iu\rennspiel\database\Startlinie_db_table.java
C:\meineDaten\Dokumente\studiumMasterInformatik\projektSoftwareEngineering\code\rennspiel\src\main\java\module-info.java
C:\meineDaten\Dokumente\studiumMasterInformatik\projektSoftwareEngineering\code\rennspiel\src\main\java\de\christian_koehler_iu\rennspiel\controller_helper\Rennen_spieler_info_labels.java
C:\meineDaten\Dokumente\studiumMasterInformatik\projektSoftwareEngineering\code\rennspiel\src\main\java\de\christian_koehler_iu\rennspiel\main\MainApplication.java
C:\meineDaten\Dokumente\studiumMasterInformatik\projektSoftwareEngineering\code\rennspiel\src\main\java\de\christian_koehler_iu\rennspiel\controller\MitspielerWaehlenController.java
C:\meineDaten\Dokumente\studiumMasterInformatik\projektSoftwareEngineering\code\rennspiel\src\main\java\de\christian_koehler_iu\rennspiel\database\Spieler_database_connection.java
C:\meineDaten\Dokumente\studiumMasterInformatik\projektSoftwareEngineering\code\rennspiel\src\main\java\de\christian_koehler_iu\rennspiel\data_classes\Spieler.java
C:\meineDaten\Dokumente\studiumMasterInformatik\projektSoftwareEngineering\code\rennspiel\src\main\java\de\christian_koehler_iu\rennspiel\controller\ScenesManager.java
C:\meineDaten\Dokumente\studiumMasterInformatik\projektSoftwareEngineering\code\rennspiel\src\main\java\de\christian_koehler_iu\rennspiel\database\Streckenlinie_db_table.java
C:\meineDaten\Dokumente\studiumMasterInformatik\projektSoftwareEngineering\code\rennspiel\src\main\java\de\christian_koehler_iu\rennspiel\controller\StreckeGroesseWaehlenController.java
C:\meineDaten\Dokumente\studiumMasterInformatik\projektSoftwareEngineering\code\rennspiel\src\main\java\de\christian_koehler_iu\rennspiel\interfaces\I_aufgabe_beendet.java
C:\meineDaten\Dokumente\studiumMasterInformatik\projektSoftwareEngineering\code\rennspiel\src\main\java\de\christian_koehler_iu\rennspiel\controller\SpielerErstellenController.java
C:\meineDaten\Dokumente\studiumMasterInformatik\projektSoftwareEngineering\code\rennspiel\src\main\java\de\christian_koehler_iu\rennspiel\controller\SpielerWaehlenController.java
